// Jest Snapshot v1, https://goo.gl/fbAQLP

exports[`should take a snapshot 1`] = `
<DocumentFragment>
  <div
    class="App"
  >
    <header
      class="header"
    >
      <div
        class="logoBox"
      >
        <h1>
          Sneakers App
        </h1>
        <img
          alt="logo"
          class="logo"
          src="logo.png"
        />
      </div>
      <nav
        class="nav"
      >
        <a
          href="#/trending/dewu"
        >
          Dewu Trending
        </a>
        <a
          href="#/trending/goat"
        >
          Goat Trending
        </a>
        <div
          class="main"
        >
          <div
            class="content"
          >
            <div
              class="avatar"
            >
              <img
                src="https://api.prodless.com/avatar.png"
              />
            </div>
          </div>
        </div>
      </nav>
    </header>
    <div
      class="banner"
    >
      <div
        class="introduce"
      >
        Search for Shoes and Integration Price For All Size
      </div>
      <div
        class="searchBox"
      >
        <input
          class="searchInput"
          title="search_input"
          type="text"
          value=""
        />
        <button
          class="searchButton"
          title="search_button"
        />
        <div
          class="selectBox"
        >
          <span>
            Search Interface: 
          </span>
          <select
            class="searchInterface"
            title="search_interface_select"
          >
            <option
              value="dewu"
            >
              Dewu
            </option>
            <option
              value="stockx"
            >
              StockX
            </option>
            <option
              value="goat"
            >
              Goat
            </option>
            <option
              value="db"
            >
              DB
            </option>
          </select>
          <span>
            Search Suggestions Interface: 
          </span>
          <select
            class="searchInterface"
          >
            <option
              value="dewu"
            >
              Dewu
            </option>
            <option
              value="stockx"
            >
              StockX
            </option>
          </select>
        </div>
        <div
          class="searchSuggestion"
        />
      </div>
      <div
        class="iconBar"
      >
        <img
          alt="goat"
          class="logo"
          src="goat.png"
        />
        <img
          alt="dewu"
          class="logo"
          src="dewu.png"
        />
        <img
          alt="stockx"
          class="logo"
          src="stockx.png"
        />
      </div>
    </div>
    <div
      class="container"
    >
      <div
        class="header"
      >
        <h1
          class="title"
          title="search_title"
        >
          Trending(dewu)
        </h1>
      </div>
      <div
        class="box"
      >
        <div
          class="loader hidden"
          title="loader"
        >
          <div
            class="warpper"
          >
            <div
              class="inner"
            />
            <div
              class="text"
            >
              LOADING
            </div>
          </div>
        </div>
        <div
          class="card"
          data-testid="product_card"
        >
          <img
            alt="Air Jordan 1 Mid Shattered Backboard 扣碎篮板 篮球鞋"
            src="https://cdn.poizon.com/temp/Fn20HZPjmCnQk_VCNJ9C2HRg0xP5"
          />
          <div
            class="shoeName"
          >
            Air Jordan 1 Mid Shattered Backboard 扣碎篮板 篮球鞋
          </div>
          <div
            class="price"
          >
            $109
          </div>
          <div
            class="brand"
          >
            stockx
          </div>
        </div>
      </div>
    </div>
  </div>
</DocumentFragment>
`;
