// Jest Snapshot v1, https://goo.gl/fbAQLP

exports[`should take a snapshot 1`] = `
<DocumentFragment>
  <button
    class="button"
    type="submit"
  >
    <div
      class="content"
    >
      Login In
    </div>
  </button>
</DocumentFragment>
`;
